// Jest Snapshot v1, https://goo.gl/fbAQLP

exports[`Dialogue Component Should render Dialogue Component 1`] = `
<div
  aria-hidden="true"
/>
`;
